   1              		.cpu cortex-m4
   2              		.eabi_attribute 20, 1
   3              		.eabi_attribute 21, 1
   4              		.eabi_attribute 23, 3
   5              		.eabi_attribute 24, 1
   6              		.eabi_attribute 25, 1
   7              		.eabi_attribute 26, 1
   8              		.eabi_attribute 30, 4
   9              		.eabi_attribute 34, 1
  10              		.eabi_attribute 18, 4
  11              		.file	"simpleserial.c"
  12              		.text
  13              	.Ltext0:
  14              		.cfi_sections	.debug_frame
  15              		.section	.text.check_version,"ax",%progbits
  16              		.align	1
  17              		.global	check_version
  18              		.arch armv7e-m
  19              		.syntax unified
  20              		.thumb
  21              		.thumb_func
  22              		.fpu softvfp
  24              	check_version:
  25              	.LVL0:
  26              	.LFB1:
  27              		.file 1 "../base/./simpleserial/simpleserial.c"
   1:../base/./simpleserial/simpleserial.c **** // simpleserial.c
   2:../base/./simpleserial/simpleserial.c **** 
   3:../base/./simpleserial/simpleserial.c **** #include "simpleserial.h"
   4:../base/./simpleserial/simpleserial.c **** #include <stdint.h>
   5:../base/./simpleserial/simpleserial.c **** #include "hal.h"
   6:../base/./simpleserial/simpleserial.c **** 
   7:../base/./simpleserial/simpleserial.c **** 
   8:../base/./simpleserial/simpleserial.c **** #define MAX_SS_CMDS 16
   9:../base/./simpleserial/simpleserial.c **** static int num_commands = 0;
  10:../base/./simpleserial/simpleserial.c **** 
  11:../base/./simpleserial/simpleserial.c **** #define MAX_SS_LEN 192
  12:../base/./simpleserial/simpleserial.c **** 
  13:../base/./simpleserial/simpleserial.c **** //#define SS_VER_1_0 0
  14:../base/./simpleserial/simpleserial.c **** //#define SS_VER_1_1 1
  15:../base/./simpleserial/simpleserial.c **** //#define SS_VER_2_0 2
  16:../base/./simpleserial/simpleserial.c **** 
  17:../base/./simpleserial/simpleserial.c **** 
  18:../base/./simpleserial/simpleserial.c **** #define CRC 0xA6
  19:../base/./simpleserial/simpleserial.c **** uint8_t ss_crc(uint8_t *buf, uint8_t len)
  20:../base/./simpleserial/simpleserial.c **** {
  21:../base/./simpleserial/simpleserial.c **** 	unsigned int k = 0;
  22:../base/./simpleserial/simpleserial.c **** 	uint8_t crc = 0x00;
  23:../base/./simpleserial/simpleserial.c **** 	while (len--) {
  24:../base/./simpleserial/simpleserial.c **** 		crc ^= *buf++;
  25:../base/./simpleserial/simpleserial.c **** 		for (k = 0; k < 8; k++) {
  26:../base/./simpleserial/simpleserial.c **** 			crc = crc & 0x80 ? (crc << 1) ^ 0xA6: crc << 1;
  27:../base/./simpleserial/simpleserial.c **** 		}
  28:../base/./simpleserial/simpleserial.c **** 	}
  29:../base/./simpleserial/simpleserial.c **** 	return crc;
  30:../base/./simpleserial/simpleserial.c **** 
  31:../base/./simpleserial/simpleserial.c **** }
  32:../base/./simpleserial/simpleserial.c **** 
  33:../base/./simpleserial/simpleserial.c **** // [B_STUFF, CMD, SCMD, LEN, B_STUFF, DATA..., CRC, TERM]
  34:../base/./simpleserial/simpleserial.c **** 
  35:../base/./simpleserial/simpleserial.c **** //#define SS_VER SS_VER_2_0
  36:../base/./simpleserial/simpleserial.c **** 
  37:../base/./simpleserial/simpleserial.c **** #if SS_VER == SS_VER_2_0
  38:../base/./simpleserial/simpleserial.c **** 
  39:../base/./simpleserial/simpleserial.c **** 
  40:../base/./simpleserial/simpleserial.c **** typedef struct ss_cmd
  41:../base/./simpleserial/simpleserial.c **** {
  42:../base/./simpleserial/simpleserial.c **** 	char c;
  43:../base/./simpleserial/simpleserial.c **** 	unsigned int len;
  44:../base/./simpleserial/simpleserial.c **** 	uint8_t (*fp)(uint8_t, uint8_t, uint8_t, uint8_t *);
  45:../base/./simpleserial/simpleserial.c **** } ss_cmd;
  46:../base/./simpleserial/simpleserial.c **** static ss_cmd commands[MAX_SS_CMDS];
  47:../base/./simpleserial/simpleserial.c **** 
  48:../base/./simpleserial/simpleserial.c **** void ss_puts(char *x)
  49:../base/./simpleserial/simpleserial.c **** {
  50:../base/./simpleserial/simpleserial.c **** 	do {
  51:../base/./simpleserial/simpleserial.c **** 		putch(*x);
  52:../base/./simpleserial/simpleserial.c **** 	} while (*++x);
  53:../base/./simpleserial/simpleserial.c **** }
  54:../base/./simpleserial/simpleserial.c **** 
  55:../base/./simpleserial/simpleserial.c **** #define FRAME_BYTE 0x00
  56:../base/./simpleserial/simpleserial.c **** 
  57:../base/./simpleserial/simpleserial.c **** uint8_t check_version(uint8_t cmd, uint8_t scmd, uint8_t len, uint8_t *data)
  58:../base/./simpleserial/simpleserial.c **** {
  59:../base/./simpleserial/simpleserial.c **** 	uint8_t ver = SS_VER;
  60:../base/./simpleserial/simpleserial.c **** 	simpleserial_put('r', 1, &ver);
  61:../base/./simpleserial/simpleserial.c **** 	return SS_ERR_OK;
  62:../base/./simpleserial/simpleserial.c **** }
  63:../base/./simpleserial/simpleserial.c **** 
  64:../base/./simpleserial/simpleserial.c **** uint8_t ss_get_commands(uint8_t cmd, uint8_t scmd, uint8_t len, uint8_t *data)
  65:../base/./simpleserial/simpleserial.c **** {
  66:../base/./simpleserial/simpleserial.c ****     uint8_t cmd_chars[MAX_SS_CMDS];
  67:../base/./simpleserial/simpleserial.c ****     for (uint8_t i = 0; i < (num_commands & 0xFF); i++) {
  68:../base/./simpleserial/simpleserial.c ****         cmd_chars[i] = commands[i].c;
  69:../base/./simpleserial/simpleserial.c ****     }
  70:../base/./simpleserial/simpleserial.c **** 
  71:../base/./simpleserial/simpleserial.c ****     simpleserial_put('r', num_commands & 0xFF, (void *)cmd_chars);
  72:../base/./simpleserial/simpleserial.c ****     return 0x00;
  73:../base/./simpleserial/simpleserial.c **** 
  74:../base/./simpleserial/simpleserial.c **** }
  75:../base/./simpleserial/simpleserial.c **** 
  76:../base/./simpleserial/simpleserial.c **** uint8_t stuff_data(uint8_t *buf, uint8_t len)
  77:../base/./simpleserial/simpleserial.c **** {
  78:../base/./simpleserial/simpleserial.c **** 	uint8_t i = 1;
  79:../base/./simpleserial/simpleserial.c **** 	uint8_t last = 0;
  80:../base/./simpleserial/simpleserial.c **** 	for (; i < len; i++) {
  81:../base/./simpleserial/simpleserial.c **** 		if (buf[i] == FRAME_BYTE) {
  82:../base/./simpleserial/simpleserial.c **** 			buf[last] = i - last;
  83:../base/./simpleserial/simpleserial.c **** 			last = i;
  84:../base/./simpleserial/simpleserial.c **** 		}
  85:../base/./simpleserial/simpleserial.c **** 	}
  86:../base/./simpleserial/simpleserial.c **** 	return 0x00;
  87:../base/./simpleserial/simpleserial.c **** }
  88:../base/./simpleserial/simpleserial.c **** 
  89:../base/./simpleserial/simpleserial.c **** uint8_t unstuff_data(uint8_t *buf, uint8_t len)
  90:../base/./simpleserial/simpleserial.c **** {
  91:../base/./simpleserial/simpleserial.c **** 	uint8_t next = buf[0];
  92:../base/./simpleserial/simpleserial.c **** 	buf[0] = 0x00;
  93:../base/./simpleserial/simpleserial.c **** 	//len -= 1;
  94:../base/./simpleserial/simpleserial.c **** 	uint8_t tmp = next;
  95:../base/./simpleserial/simpleserial.c **** 	while ((next < len) && tmp != 0) {
  96:../base/./simpleserial/simpleserial.c **** 		tmp = buf[next];
  97:../base/./simpleserial/simpleserial.c **** 		buf[next] = FRAME_BYTE;
  98:../base/./simpleserial/simpleserial.c **** 		next += tmp;
  99:../base/./simpleserial/simpleserial.c **** 	}
 100:../base/./simpleserial/simpleserial.c **** 	return next;
 101:../base/./simpleserial/simpleserial.c **** }
 102:../base/./simpleserial/simpleserial.c **** 
 103:../base/./simpleserial/simpleserial.c **** // Set up the SimpleSerial module by preparing internal commands
 104:../base/./simpleserial/simpleserial.c **** // This just adds the "v" command for now...
 105:../base/./simpleserial/simpleserial.c **** void simpleserial_init()
 106:../base/./simpleserial/simpleserial.c **** {
 107:../base/./simpleserial/simpleserial.c **** 	simpleserial_addcmd('v', 0, check_version);
 108:../base/./simpleserial/simpleserial.c ****     simpleserial_addcmd('w', 0, ss_get_commands);
 109:../base/./simpleserial/simpleserial.c **** }
 110:../base/./simpleserial/simpleserial.c **** 
 111:../base/./simpleserial/simpleserial.c **** int simpleserial_addcmd(char c, unsigned int len, uint8_t (*fp)(uint8_t, uint8_t, uint8_t, uint8_t*
 112:../base/./simpleserial/simpleserial.c **** {
 113:../base/./simpleserial/simpleserial.c **** 	if(num_commands >= MAX_SS_CMDS) {
 114:../base/./simpleserial/simpleserial.c **** 		putch('a');
 115:../base/./simpleserial/simpleserial.c **** 		return 1;
 116:../base/./simpleserial/simpleserial.c **** 	}
 117:../base/./simpleserial/simpleserial.c **** 
 118:../base/./simpleserial/simpleserial.c **** 	if(len >= MAX_SS_LEN) {
 119:../base/./simpleserial/simpleserial.c **** 		putch('b');
 120:../base/./simpleserial/simpleserial.c **** 		return 1;
 121:../base/./simpleserial/simpleserial.c **** 	}
 122:../base/./simpleserial/simpleserial.c **** 
 123:../base/./simpleserial/simpleserial.c **** 	commands[num_commands].c   = c;
 124:../base/./simpleserial/simpleserial.c **** 	commands[num_commands].len = len;
 125:../base/./simpleserial/simpleserial.c **** 	commands[num_commands].fp  = fp;
 126:../base/./simpleserial/simpleserial.c **** 	num_commands++;
 127:../base/./simpleserial/simpleserial.c **** 
 128:../base/./simpleserial/simpleserial.c **** 	return 0;
 129:../base/./simpleserial/simpleserial.c **** }
 130:../base/./simpleserial/simpleserial.c **** 
 131:../base/./simpleserial/simpleserial.c **** void simpleserial_get(void)
 132:../base/./simpleserial/simpleserial.c **** {
 133:../base/./simpleserial/simpleserial.c **** 	uint8_t data_buf[MAX_SS_LEN];
 134:../base/./simpleserial/simpleserial.c **** 	uint8_t err = 0;
 135:../base/./simpleserial/simpleserial.c **** 
 136:../base/./simpleserial/simpleserial.c **** 	for (int i = 0; i < 4; i++) {
 137:../base/./simpleserial/simpleserial.c **** 		data_buf[i] = getch(); //PTR, cmd, scmd, len
 138:../base/./simpleserial/simpleserial.c **** 		if (data_buf[i] == FRAME_BYTE) {
 139:../base/./simpleserial/simpleserial.c **** 			err = SS_ERR_FRAME_BYTE;
 140:../base/./simpleserial/simpleserial.c **** 			goto ERROR;
 141:../base/./simpleserial/simpleserial.c **** 		}
 142:../base/./simpleserial/simpleserial.c **** 	}
 143:../base/./simpleserial/simpleserial.c **** 	uint8_t next_frame = unstuff_data(data_buf, 4);
 144:../base/./simpleserial/simpleserial.c **** 
 145:../base/./simpleserial/simpleserial.c **** 	// check for valid command
 146:../base/./simpleserial/simpleserial.c **** 	uint8_t c = 0;
 147:../base/./simpleserial/simpleserial.c **** 	for(c = 0; c < num_commands; c++)
 148:../base/./simpleserial/simpleserial.c **** 	{
 149:../base/./simpleserial/simpleserial.c **** 		if(commands[c].c == data_buf[1])
 150:../base/./simpleserial/simpleserial.c **** 			break;
 151:../base/./simpleserial/simpleserial.c **** 	}
 152:../base/./simpleserial/simpleserial.c **** 
 153:../base/./simpleserial/simpleserial.c **** 	if (c == num_commands) {
 154:../base/./simpleserial/simpleserial.c **** 		err = SS_ERR_CMD;
 155:../base/./simpleserial/simpleserial.c **** 		goto ERROR;
 156:../base/./simpleserial/simpleserial.c **** 	}
 157:../base/./simpleserial/simpleserial.c **** 
 158:../base/./simpleserial/simpleserial.c **** 	//check that next frame not beyond end of message
 159:../base/./simpleserial/simpleserial.c **** 	// account for cmd, scmd, len, data, crc, end of frame
 160:../base/./simpleserial/simpleserial.c **** 	if ((data_buf[3] + 5) < next_frame) {
 161:../base/./simpleserial/simpleserial.c **** 		err = SS_ERR_LEN;
 162:../base/./simpleserial/simpleserial.c **** 		goto ERROR;
 163:../base/./simpleserial/simpleserial.c **** 	}
 164:../base/./simpleserial/simpleserial.c **** 
 165:../base/./simpleserial/simpleserial.c **** 	// read in data
 166:../base/./simpleserial/simpleserial.c **** 	// eq to len + crc + frame end
 167:../base/./simpleserial/simpleserial.c **** 	int i = 4;
 168:../base/./simpleserial/simpleserial.c **** 	for (; i < data_buf[3] + 5; i++) {
 169:../base/./simpleserial/simpleserial.c **** 		data_buf[i] = getch();
 170:../base/./simpleserial/simpleserial.c **** 		if (data_buf[i] == FRAME_BYTE) {
 171:../base/./simpleserial/simpleserial.c **** 			err = SS_ERR_FRAME_BYTE;
 172:../base/./simpleserial/simpleserial.c **** 			goto ERROR;
 173:../base/./simpleserial/simpleserial.c **** 		}
 174:../base/./simpleserial/simpleserial.c **** 	}
 175:../base/./simpleserial/simpleserial.c **** 
 176:../base/./simpleserial/simpleserial.c **** 	//check that final byte is the FRAME_BYTE
 177:../base/./simpleserial/simpleserial.c **** 	data_buf[i] = getch();
 178:../base/./simpleserial/simpleserial.c **** 	if (data_buf[i] != FRAME_BYTE) {
 179:../base/./simpleserial/simpleserial.c **** 		err = SS_ERR_LEN;
 180:../base/./simpleserial/simpleserial.c **** 		goto ERROR;
 181:../base/./simpleserial/simpleserial.c **** 	}
 182:../base/./simpleserial/simpleserial.c **** 
 183:../base/./simpleserial/simpleserial.c **** 	//fully unstuff data now
 184:../base/./simpleserial/simpleserial.c **** 	unstuff_data(data_buf + next_frame, i - next_frame + 1);
 185:../base/./simpleserial/simpleserial.c **** 
 186:../base/./simpleserial/simpleserial.c **** 	//calc crc excluding original frame offset and frame end and crc
 187:../base/./simpleserial/simpleserial.c **** 	uint8_t crc = ss_crc(data_buf+1, i-2);
 188:../base/./simpleserial/simpleserial.c **** 	if (crc != data_buf[i-1]) {
 189:../base/./simpleserial/simpleserial.c **** 		err = SS_ERR_CRC;
 190:../base/./simpleserial/simpleserial.c **** 		goto ERROR;
 191:../base/./simpleserial/simpleserial.c **** 	}
 192:../base/./simpleserial/simpleserial.c **** 
 193:../base/./simpleserial/simpleserial.c **** 	err = commands[c].fp(data_buf[1], data_buf[2], data_buf[3], data_buf+4);
 194:../base/./simpleserial/simpleserial.c **** 
 195:../base/./simpleserial/simpleserial.c **** ERROR:
 196:../base/./simpleserial/simpleserial.c **** 	simpleserial_put('e', 0x01, &err);
 197:../base/./simpleserial/simpleserial.c **** 	return;
 198:../base/./simpleserial/simpleserial.c **** }
 199:../base/./simpleserial/simpleserial.c **** 
 200:../base/./simpleserial/simpleserial.c **** void simpleserial_put(char c, uint8_t size, uint8_t* output)
 201:../base/./simpleserial/simpleserial.c **** {
 202:../base/./simpleserial/simpleserial.c **** 	uint8_t data_buf[MAX_SS_LEN];
 203:../base/./simpleserial/simpleserial.c **** 	data_buf[0] = 0x00;
 204:../base/./simpleserial/simpleserial.c **** 	data_buf[1] = c;
 205:../base/./simpleserial/simpleserial.c **** 	data_buf[2] = size;
 206:../base/./simpleserial/simpleserial.c **** 	int i = 0;
 207:../base/./simpleserial/simpleserial.c **** 	for (; i < size; i++) {
 208:../base/./simpleserial/simpleserial.c **** 		data_buf[i + 3] = output[i];
 209:../base/./simpleserial/simpleserial.c **** 	}
 210:../base/./simpleserial/simpleserial.c **** 	data_buf[i + 3] = ss_crc(data_buf+1, size+2);
 211:../base/./simpleserial/simpleserial.c **** 	data_buf[i + 4] = 0x00;
 212:../base/./simpleserial/simpleserial.c **** 	stuff_data(data_buf, i + 5);
 213:../base/./simpleserial/simpleserial.c **** 	for (int i = 0; i < size + 5; i++) {
 214:../base/./simpleserial/simpleserial.c **** 		putch(data_buf[i]);
 215:../base/./simpleserial/simpleserial.c **** 	}
 216:../base/./simpleserial/simpleserial.c **** }
 217:../base/./simpleserial/simpleserial.c **** 
 218:../base/./simpleserial/simpleserial.c **** 
 219:../base/./simpleserial/simpleserial.c **** #else
 220:../base/./simpleserial/simpleserial.c **** 
 221:../base/./simpleserial/simpleserial.c **** typedef struct ss_cmd
 222:../base/./simpleserial/simpleserial.c **** {
 223:../base/./simpleserial/simpleserial.c **** 	char c;
 224:../base/./simpleserial/simpleserial.c **** 	unsigned int len;
 225:../base/./simpleserial/simpleserial.c **** 	uint8_t (*fp)(uint8_t*, uint8_t);
 226:../base/./simpleserial/simpleserial.c **** 	uint8_t flags;
 227:../base/./simpleserial/simpleserial.c **** } ss_cmd;
 228:../base/./simpleserial/simpleserial.c **** static ss_cmd commands[MAX_SS_CMDS];
 229:../base/./simpleserial/simpleserial.c **** // Callback function for "v" command.
 230:../base/./simpleserial/simpleserial.c **** // This can exist in v1.0 as long as we don't actually send back an ack ("z")
 231:../base/./simpleserial/simpleserial.c **** uint8_t check_version(uint8_t *v, uint8_t len)
 232:../base/./simpleserial/simpleserial.c **** {
  28              		.loc 1 232 1 view -0
  29              		.cfi_startproc
  30              		@ args = 0, pretend = 0, frame = 0
  31              		@ frame_needed = 0, uses_anonymous_args = 0
  32              		@ link register save eliminated.
 233:../base/./simpleserial/simpleserial.c **** 	return SS_VER;
  33              		.loc 1 233 2 view .LVU1
 234:../base/./simpleserial/simpleserial.c **** }
  34              		.loc 1 234 1 is_stmt 0 view .LVU2
  35 0000 0120     		movs	r0, #1
  36              	.LVL1:
  37              		.loc 1 234 1 view .LVU3
  38 0002 7047     		bx	lr
  39              		.cfi_endproc
  40              	.LFE1:
  42              		.section	.text.ss_crc,"ax",%progbits
  43              		.align	1
  44              		.global	ss_crc
  45              		.syntax unified
  46              		.thumb
  47              		.thumb_func
  48              		.fpu softvfp
  50              	ss_crc:
  51              	.LVL2:
  52              	.LFB0:
  20:../base/./simpleserial/simpleserial.c **** 	unsigned int k = 0;
  53              		.loc 1 20 1 is_stmt 1 view -0
  54              		.cfi_startproc
  55              		@ args = 0, pretend = 0, frame = 0
  56              		@ frame_needed = 0, uses_anonymous_args = 0
  57              		@ link register save eliminated.
  20:../base/./simpleserial/simpleserial.c **** 	unsigned int k = 0;
  58              		.loc 1 20 1 is_stmt 0 view .LVU5
  59 0000 0346     		mov	r3, r0
  21:../base/./simpleserial/simpleserial.c **** 	uint8_t crc = 0x00;
  60              		.loc 1 21 2 is_stmt 1 view .LVU6
  61              	.LVL3:
  22:../base/./simpleserial/simpleserial.c **** 	while (len--) {
  62              		.loc 1 22 2 view .LVU7
  23:../base/./simpleserial/simpleserial.c **** 		crc ^= *buf++;
  63              		.loc 1 23 2 view .LVU8
  64 0002 0144     		add	r1, r1, r0
  65              	.LVL4:
  22:../base/./simpleserial/simpleserial.c **** 	while (len--) {
  66              		.loc 1 22 10 is_stmt 0 view .LVU9
  67 0004 0020     		movs	r0, #0
  68              	.LVL5:
  69              	.L3:
  23:../base/./simpleserial/simpleserial.c **** 		crc ^= *buf++;
  70              		.loc 1 23 8 is_stmt 1 view .LVU10
  23:../base/./simpleserial/simpleserial.c **** 		crc ^= *buf++;
  71              		.loc 1 23 8 is_stmt 0 view .LVU11
  72 0006 8B42     		cmp	r3, r1
  73 0008 00D1     		bne	.L7
  29:../base/./simpleserial/simpleserial.c **** 
  74              		.loc 1 29 2 is_stmt 1 view .LVU12
  31:../base/./simpleserial/simpleserial.c **** 
  75              		.loc 1 31 1 is_stmt 0 view .LVU13
  76 000a 7047     		bx	lr
  77              	.L7:
  24:../base/./simpleserial/simpleserial.c **** 		for (k = 0; k < 8; k++) {
  78              		.loc 1 24 3 is_stmt 1 view .LVU14
  79              	.LVL6:
  24:../base/./simpleserial/simpleserial.c **** 		for (k = 0; k < 8; k++) {
  80              		.loc 1 24 7 is_stmt 0 view .LVU15
  81 000c 13F8012B 		ldrb	r2, [r3], #1	@ zero_extendqisi2
  82              	.LVL7:
  24:../base/./simpleserial/simpleserial.c **** 		for (k = 0; k < 8; k++) {
  83              		.loc 1 24 7 view .LVU16
  84 0010 5040     		eors	r0, r0, r2
  85              	.LVL8:
  25:../base/./simpleserial/simpleserial.c **** 			crc = crc & 0x80 ? (crc << 1) ^ 0xA6: crc << 1;
  86              		.loc 1 25 3 is_stmt 1 view .LVU17
  25:../base/./simpleserial/simpleserial.c **** 			crc = crc & 0x80 ? (crc << 1) ^ 0xA6: crc << 1;
  87              		.loc 1 25 15 view .LVU18
  24:../base/./simpleserial/simpleserial.c **** 		for (k = 0; k < 8; k++) {
  88              		.loc 1 24 7 is_stmt 0 view .LVU19
  89 0012 0822     		movs	r2, #8
  90              	.LVL9:
  91              	.L6:
  26:../base/./simpleserial/simpleserial.c **** 		}
  92              		.loc 1 26 4 is_stmt 1 view .LVU20
  26:../base/./simpleserial/simpleserial.c **** 		}
  93              		.loc 1 26 8 is_stmt 0 view .LVU21
  94 0014 10F0800F 		tst	r0, #128
  95 0018 4FEA4000 		lsl	r0, r0, #1
  96              	.LVL10:
  26:../base/./simpleserial/simpleserial.c **** 		}
  97              		.loc 1 26 34 view .LVU22
  98 001c 18BF     		it	ne
  99 001e 80F0A600 		eorne	r0, r0, #166
  25:../base/./simpleserial/simpleserial.c **** 			crc = crc & 0x80 ? (crc << 1) ^ 0xA6: crc << 1;
 100              		.loc 1 25 3 view .LVU23
 101 0022 013A     		subs	r2, r2, #1
 102              	.LVL11:
  26:../base/./simpleserial/simpleserial.c **** 		}
 103              		.loc 1 26 8 view .LVU24
 104 0024 C0B2     		uxtb	r0, r0
 105              	.LVL12:
  25:../base/./simpleserial/simpleserial.c **** 			crc = crc & 0x80 ? (crc << 1) ^ 0xA6: crc << 1;
 106              		.loc 1 25 22 is_stmt 1 view .LVU25
  25:../base/./simpleserial/simpleserial.c **** 			crc = crc & 0x80 ? (crc << 1) ^ 0xA6: crc << 1;
 107              		.loc 1 25 15 view .LVU26
  25:../base/./simpleserial/simpleserial.c **** 			crc = crc & 0x80 ? (crc << 1) ^ 0xA6: crc << 1;
 108              		.loc 1 25 3 is_stmt 0 view .LVU27
 109 0026 F5D1     		bne	.L6
 110 0028 EDE7     		b	.L3
 111              		.cfi_endproc
 112              	.LFE0:
 114              		.section	.text.hex_decode,"ax",%progbits
 115              		.align	1
 116              		.global	hex_decode
 117              		.syntax unified
 118              		.thumb
 119              		.thumb_func
 120              		.fpu softvfp
 122              	hex_decode:
 123              	.LVL13:
 124              	.LFB4:
 235:../base/./simpleserial/simpleserial.c **** 
 236:../base/./simpleserial/simpleserial.c **** uint8_t ss_num_commands(uint8_t *x, uint8_t len)
 237:../base/./simpleserial/simpleserial.c **** {
 238:../base/./simpleserial/simpleserial.c ****     uint8_t ncmds = num_commands & 0xFF;
 239:../base/./simpleserial/simpleserial.c ****     simpleserial_put('r', 0x01, &ncmds);
 240:../base/./simpleserial/simpleserial.c ****     return 0x00;
 241:../base/./simpleserial/simpleserial.c **** }
 242:../base/./simpleserial/simpleserial.c **** 
 243:../base/./simpleserial/simpleserial.c **** typedef struct ss_cmd_repr {
 244:../base/./simpleserial/simpleserial.c ****     uint8_t c;
 245:../base/./simpleserial/simpleserial.c ****     uint8_t len;
 246:../base/./simpleserial/simpleserial.c ****     uint8_t flags;
 247:../base/./simpleserial/simpleserial.c **** } ss_cmd_repr;
 248:../base/./simpleserial/simpleserial.c **** 
 249:../base/./simpleserial/simpleserial.c **** uint8_t ss_get_commands(uint8_t *x, uint8_t len)
 250:../base/./simpleserial/simpleserial.c **** {
 251:../base/./simpleserial/simpleserial.c ****     ss_cmd_repr repr_cmd_buf[MAX_SS_CMDS];
 252:../base/./simpleserial/simpleserial.c ****     for (uint8_t i = 0; i < (num_commands & 0xFF); i++) {
 253:../base/./simpleserial/simpleserial.c ****         repr_cmd_buf[i].c = commands[i].c;
 254:../base/./simpleserial/simpleserial.c ****         repr_cmd_buf[i].len = commands[i].len;
 255:../base/./simpleserial/simpleserial.c ****         repr_cmd_buf[i].flags = commands[i].flags;
 256:../base/./simpleserial/simpleserial.c ****     }
 257:../base/./simpleserial/simpleserial.c **** 
 258:../base/./simpleserial/simpleserial.c ****     simpleserial_put('r', num_commands * 0x03, (void *) repr_cmd_buf);
 259:../base/./simpleserial/simpleserial.c ****     return 0x00;
 260:../base/./simpleserial/simpleserial.c **** }
 261:../base/./simpleserial/simpleserial.c **** 
 262:../base/./simpleserial/simpleserial.c **** static char hex_lookup[16] =
 263:../base/./simpleserial/simpleserial.c **** {
 264:../base/./simpleserial/simpleserial.c **** 	'0', '1', '2', '3', '4', '5', '6', '7',
 265:../base/./simpleserial/simpleserial.c **** 	'8', '9', 'A', 'B', 'C', 'D', 'E', 'F'
 266:../base/./simpleserial/simpleserial.c **** };
 267:../base/./simpleserial/simpleserial.c **** 
 268:../base/./simpleserial/simpleserial.c **** int hex_decode(int len, char* ascii_buf, uint8_t* data_buf)
 269:../base/./simpleserial/simpleserial.c **** {
 125              		.loc 1 269 1 is_stmt 1 view -0
 126              		.cfi_startproc
 127              		@ args = 0, pretend = 0, frame = 0
 128              		@ frame_needed = 0, uses_anonymous_args = 0
 270:../base/./simpleserial/simpleserial.c **** 	for(int i = 0; i < len; i++)
 129              		.loc 1 270 2 view .LVU29
 130              	.LBB2:
 131              		.loc 1 270 6 view .LVU30
 132              		.loc 1 270 6 is_stmt 0 view .LVU31
 133              	.LBE2:
 269:../base/./simpleserial/simpleserial.c **** 	for(int i = 0; i < len; i++)
 134              		.loc 1 269 1 view .LVU32
 135 0000 F0B5     		push	{r4, r5, r6, r7, lr}
 136              	.LCFI0:
 137              		.cfi_def_cfa_offset 20
 138              		.cfi_offset 4, -20
 139              		.cfi_offset 5, -16
 140              		.cfi_offset 6, -12
 141              		.cfi_offset 7, -8
 142              		.cfi_offset 14, -4
 143              	.LBB7:
 144              		.loc 1 270 10 view .LVU33
 145 0002 0025     		movs	r5, #0
 146              	.LBB3:
 271:../base/./simpleserial/simpleserial.c **** 	{
 272:../base/./simpleserial/simpleserial.c **** 		char n_hi = ascii_buf[2*i];
 273:../base/./simpleserial/simpleserial.c **** 		char n_lo = ascii_buf[2*i+1];
 147              		.loc 1 273 8 view .LVU34
 148 0004 4F1C     		adds	r7, r1, #1
 149              	.LVL14:
 150              	.L10:
 151              		.loc 1 273 8 view .LVU35
 152              	.LBE3:
 270:../base/./simpleserial/simpleserial.c **** 	{
 153              		.loc 1 270 17 is_stmt 1 discriminator 1 view .LVU36
 270:../base/./simpleserial/simpleserial.c **** 	{
 154              		.loc 1 270 2 is_stmt 0 discriminator 1 view .LVU37
 155 0006 8542     		cmp	r5, r0
 156 0008 01DB     		blt	.L20
 157              	.LBE7:
 274:../base/./simpleserial/simpleserial.c **** 
 275:../base/./simpleserial/simpleserial.c **** 		if(n_lo >= '0' && n_lo <= '9')
 276:../base/./simpleserial/simpleserial.c **** 			data_buf[i] = n_lo - '0';
 277:../base/./simpleserial/simpleserial.c **** 		else if(n_lo >= 'A' && n_lo <= 'F')
 278:../base/./simpleserial/simpleserial.c **** 			data_buf[i] = n_lo - 'A' + 10;
 279:../base/./simpleserial/simpleserial.c **** 		else if(n_lo >= 'a' && n_lo <= 'f')
 280:../base/./simpleserial/simpleserial.c **** 			data_buf[i] = n_lo - 'a' + 10;
 281:../base/./simpleserial/simpleserial.c **** 		else
 282:../base/./simpleserial/simpleserial.c **** 			return 1;
 283:../base/./simpleserial/simpleserial.c **** 
 284:../base/./simpleserial/simpleserial.c **** 		if(n_hi >= '0' && n_hi <= '9')
 285:../base/./simpleserial/simpleserial.c **** 			data_buf[i] |= (n_hi - '0') << 4;
 286:../base/./simpleserial/simpleserial.c **** 		else if(n_hi >= 'A' && n_hi <= 'F')
 287:../base/./simpleserial/simpleserial.c **** 			data_buf[i] |= (n_hi - 'A' + 10) << 4;
 288:../base/./simpleserial/simpleserial.c **** 		else if(n_hi >= 'a' && n_hi <= 'f')
 289:../base/./simpleserial/simpleserial.c **** 			data_buf[i] |= (n_hi - 'a' + 10) << 4;
 290:../base/./simpleserial/simpleserial.c **** 		else
 291:../base/./simpleserial/simpleserial.c **** 			return 1;
 292:../base/./simpleserial/simpleserial.c **** 	}
 293:../base/./simpleserial/simpleserial.c **** 
 294:../base/./simpleserial/simpleserial.c **** 	return 0;
 158              		.loc 1 294 9 view .LVU38
 159 000a 0020     		movs	r0, #0
 160              	.LVL15:
 161              		.loc 1 294 9 view .LVU39
 162 000c 21E0     		b	.L9
 163              	.LVL16:
 164              	.L20:
 165              	.LBB8:
 166              	.LBB4:
 272:../base/./simpleserial/simpleserial.c **** 		char n_lo = ascii_buf[2*i+1];
 167              		.loc 1 272 3 is_stmt 1 view .LVU40
 273:../base/./simpleserial/simpleserial.c **** 
 168              		.loc 1 273 8 is_stmt 0 view .LVU41
 169 000e 17F81540 		ldrb	r4, [r7, r5, lsl #1]	@ zero_extendqisi2
 272:../base/./simpleserial/simpleserial.c **** 		char n_lo = ascii_buf[2*i+1];
 170              		.loc 1 272 8 view .LVU42
 171 0012 11F81530 		ldrb	r3, [r1, r5, lsl #1]	@ zero_extendqisi2
 172              	.LVL17:
 273:../base/./simpleserial/simpleserial.c **** 
 173              		.loc 1 273 3 is_stmt 1 view .LVU43
 275:../base/./simpleserial/simpleserial.c **** 			data_buf[i] = n_lo - '0';
 174              		.loc 1 275 3 view .LVU44
 275:../base/./simpleserial/simpleserial.c **** 			data_buf[i] = n_lo - '0';
 175              		.loc 1 275 18 is_stmt 0 view .LVU45
 176 0016 A4F13006 		sub	r6, r4, #48
 177 001a F6B2     		uxtb	r6, r6
 275:../base/./simpleserial/simpleserial.c **** 			data_buf[i] = n_lo - '0';
 178              		.loc 1 275 5 view .LVU46
 179 001c 092E     		cmp	r6, #9
 180 001e 0CD8     		bhi	.L11
 276:../base/./simpleserial/simpleserial.c **** 		else if(n_lo >= 'A' && n_lo <= 'F')
 181              		.loc 1 276 4 is_stmt 1 view .LVU47
 276:../base/./simpleserial/simpleserial.c **** 		else if(n_lo >= 'A' && n_lo <= 'F')
 182              		.loc 1 276 16 is_stmt 0 view .LVU48
 183 0020 1670     		strb	r6, [r2]
 184              	.LVL18:
 185              	.L12:
 284:../base/./simpleserial/simpleserial.c **** 			data_buf[i] |= (n_hi - '0') << 4;
 186              		.loc 1 284 3 is_stmt 1 view .LVU49
 284:../base/./simpleserial/simpleserial.c **** 			data_buf[i] |= (n_hi - '0') << 4;
 187              		.loc 1 284 18 is_stmt 0 view .LVU50
 188 0022 A3F13004 		sub	r4, r3, #48
 284:../base/./simpleserial/simpleserial.c **** 			data_buf[i] |= (n_hi - '0') << 4;
 189              		.loc 1 284 5 view .LVU51
 190 0026 E6B2     		uxtb	r6, r4
 191 0028 092E     		cmp	r6, #9
 192 002a 15D8     		bhi	.L16
 193              	.L23:
 287:../base/./simpleserial/simpleserial.c **** 		else if(n_hi >= 'a' && n_hi <= 'f')
 194              		.loc 1 287 16 view .LVU52
 195 002c 1378     		ldrb	r3, [r2]	@ zero_extendqisi2
 196              	.LVL19:
 287:../base/./simpleserial/simpleserial.c **** 		else if(n_hi >= 'a' && n_hi <= 'f')
 197              		.loc 1 287 16 view .LVU53
 198 002e 43EA0413 		orr	r3, r3, r4, lsl #4
 199              	.L22:
 289:../base/./simpleserial/simpleserial.c **** 		else
 200              		.loc 1 289 16 view .LVU54
 201 0032 1370     		strb	r3, [r2]
 202              	.LBE4:
 270:../base/./simpleserial/simpleserial.c **** 	{
 203              		.loc 1 270 26 is_stmt 1 view .LVU55
 270:../base/./simpleserial/simpleserial.c **** 	{
 204              		.loc 1 270 27 is_stmt 0 view .LVU56
 205 0034 0135     		adds	r5, r5, #1
 206              	.LVL20:
 270:../base/./simpleserial/simpleserial.c **** 	{
 207              		.loc 1 270 27 view .LVU57
 208 0036 0132     		adds	r2, r2, #1
 209 0038 E5E7     		b	.L10
 210              	.LVL21:
 211              	.L11:
 212              	.LBB5:
 277:../base/./simpleserial/simpleserial.c **** 			data_buf[i] = n_lo - 'A' + 10;
 213              		.loc 1 277 8 is_stmt 1 view .LVU58
 277:../base/./simpleserial/simpleserial.c **** 			data_buf[i] = n_lo - 'A' + 10;
 214              		.loc 1 277 10 is_stmt 0 view .LVU59
 215 003a A4F14106 		sub	r6, r4, #65
 216 003e 052E     		cmp	r6, #5
 217 0040 02D8     		bhi	.L13
 278:../base/./simpleserial/simpleserial.c **** 		else if(n_lo >= 'a' && n_lo <= 'f')
 218              		.loc 1 278 4 is_stmt 1 view .LVU60
 278:../base/./simpleserial/simpleserial.c **** 		else if(n_lo >= 'a' && n_lo <= 'f')
 219              		.loc 1 278 29 is_stmt 0 view .LVU61
 220 0042 373C     		subs	r4, r4, #55
 221              	.LVL22:
 222              	.L21:
 280:../base/./simpleserial/simpleserial.c **** 		else
 223              		.loc 1 280 16 view .LVU62
 224 0044 1470     		strb	r4, [r2]
 225              	.LVL23:
 280:../base/./simpleserial/simpleserial.c **** 		else
 226              		.loc 1 280 16 view .LVU63
 227 0046 ECE7     		b	.L12
 228              	.LVL24:
 229              	.L13:
 279:../base/./simpleserial/simpleserial.c **** 			data_buf[i] = n_lo - 'a' + 10;
 230              		.loc 1 279 8 is_stmt 1 view .LVU64
 279:../base/./simpleserial/simpleserial.c **** 			data_buf[i] = n_lo - 'a' + 10;
 231              		.loc 1 279 10 is_stmt 0 view .LVU65
 232 0048 A4F16106 		sub	r6, r4, #97
 233 004c 052E     		cmp	r6, #5
 234 004e 01D9     		bls	.L14
 235              	.LVL25:
 236              	.L19:
 282:../base/./simpleserial/simpleserial.c **** 
 237              		.loc 1 282 11 view .LVU66
 238 0050 0120     		movs	r0, #1
 239              	.LVL26:
 240              	.L9:
 282:../base/./simpleserial/simpleserial.c **** 
 241              		.loc 1 282 11 view .LVU67
 242              	.LBE5:
 243              	.LBE8:
 295:../base/./simpleserial/simpleserial.c **** }
 244              		.loc 1 295 1 view .LVU68
 245 0052 F0BD     		pop	{r4, r5, r6, r7, pc}
 246              	.LVL27:
 247              	.L14:
 248              	.LBB9:
 249              	.LBB6:
 280:../base/./simpleserial/simpleserial.c **** 		else
 250              		.loc 1 280 4 is_stmt 1 view .LVU69
 280:../base/./simpleserial/simpleserial.c **** 		else
 251              		.loc 1 280 29 is_stmt 0 view .LVU70
 252 0054 573C     		subs	r4, r4, #87
 253              	.LVL28:
 280:../base/./simpleserial/simpleserial.c **** 		else
 254              		.loc 1 280 29 view .LVU71
 255 0056 F5E7     		b	.L21
 256              	.LVL29:
 257              	.L16:
 286:../base/./simpleserial/simpleserial.c **** 			data_buf[i] |= (n_hi - 'A' + 10) << 4;
 258              		.loc 1 286 8 is_stmt 1 view .LVU72
 286:../base/./simpleserial/simpleserial.c **** 			data_buf[i] |= (n_hi - 'A' + 10) << 4;
 259              		.loc 1 286 10 is_stmt 0 view .LVU73
 260 0058 A3F14104 		sub	r4, r3, #65
 261 005c 052C     		cmp	r4, #5
 262 005e 02D8     		bhi	.L18
 287:../base/./simpleserial/simpleserial.c **** 		else if(n_hi >= 'a' && n_hi <= 'f')
 263              		.loc 1 287 4 is_stmt 1 view .LVU74
 287:../base/./simpleserial/simpleserial.c **** 		else if(n_hi >= 'a' && n_hi <= 'f')
 264              		.loc 1 287 31 is_stmt 0 view .LVU75
 265 0060 A3F13704 		sub	r4, r3, #55
 266 0064 E2E7     		b	.L23
 267              	.L18:
 288:../base/./simpleserial/simpleserial.c **** 			data_buf[i] |= (n_hi - 'a' + 10) << 4;
 268              		.loc 1 288 8 is_stmt 1 view .LVU76
 288:../base/./simpleserial/simpleserial.c **** 			data_buf[i] |= (n_hi - 'a' + 10) << 4;
 269              		.loc 1 288 10 is_stmt 0 view .LVU77
 270 0066 A3F16104 		sub	r4, r3, #97
 271 006a 052C     		cmp	r4, #5
 272 006c F0D8     		bhi	.L19
 289:../base/./simpleserial/simpleserial.c **** 		else
 273              		.loc 1 289 4 is_stmt 1 view .LVU78
 289:../base/./simpleserial/simpleserial.c **** 		else
 274              		.loc 1 289 16 is_stmt 0 view .LVU79
 275 006e 1478     		ldrb	r4, [r2]	@ zero_extendqisi2
 289:../base/./simpleserial/simpleserial.c **** 		else
 276              		.loc 1 289 31 view .LVU80
 277 0070 573B     		subs	r3, r3, #87
 278              	.LVL30:
 289:../base/./simpleserial/simpleserial.c **** 		else
 279              		.loc 1 289 16 view .LVU81
 280 0072 44EA0313 		orr	r3, r4, r3, lsl #4
 281              	.LVL31:
 289:../base/./simpleserial/simpleserial.c **** 		else
 282              		.loc 1 289 16 view .LVU82
 283 0076 DCE7     		b	.L22
 284              	.LBE6:
 285              	.LBE9:
 286              		.cfi_endproc
 287              	.LFE4:
 289              		.section	.text.simpleserial_addcmd_flags,"ax",%progbits
 290              		.align	1
 291              		.global	simpleserial_addcmd_flags
 292              		.syntax unified
 293              		.thumb
 294              		.thumb_func
 295              		.fpu softvfp
 297              	simpleserial_addcmd_flags:
 298              	.LVL32:
 299              	.LFB7:
 296:../base/./simpleserial/simpleserial.c **** 
 297:../base/./simpleserial/simpleserial.c **** 
 298:../base/./simpleserial/simpleserial.c **** 
 299:../base/./simpleserial/simpleserial.c **** // Set up the SimpleSerial module by preparing internal commands
 300:../base/./simpleserial/simpleserial.c **** // This just adds the "v" command for now...
 301:../base/./simpleserial/simpleserial.c **** void simpleserial_init()
 302:../base/./simpleserial/simpleserial.c **** {
 303:../base/./simpleserial/simpleserial.c **** 	simpleserial_addcmd('v', 0, check_version);
 304:../base/./simpleserial/simpleserial.c ****     simpleserial_addcmd('w', 0, ss_get_commands);
 305:../base/./simpleserial/simpleserial.c ****     simpleserial_addcmd('y', 0, ss_num_commands);
 306:../base/./simpleserial/simpleserial.c **** }
 307:../base/./simpleserial/simpleserial.c **** 
 308:../base/./simpleserial/simpleserial.c **** int simpleserial_addcmd(char c, unsigned int len, uint8_t (*fp)(uint8_t*, uint8_t))
 309:../base/./simpleserial/simpleserial.c **** {
 310:../base/./simpleserial/simpleserial.c **** 	return simpleserial_addcmd_flags(c, len, fp, CMD_FLAG_NONE);
 311:../base/./simpleserial/simpleserial.c **** }
 312:../base/./simpleserial/simpleserial.c **** 
 313:../base/./simpleserial/simpleserial.c **** int simpleserial_addcmd_flags(char c, unsigned int len, uint8_t (*fp)(uint8_t*, uint8_t), uint8_t f
 314:../base/./simpleserial/simpleserial.c **** {
 300              		.loc 1 314 1 is_stmt 1 view -0
 301              		.cfi_startproc
 302              		@ args = 0, pretend = 0, frame = 0
 303              		@ frame_needed = 0, uses_anonymous_args = 0
 315:../base/./simpleserial/simpleserial.c **** 	if(num_commands >= MAX_SS_CMDS)
 304              		.loc 1 315 2 view .LVU84
 314:../base/./simpleserial/simpleserial.c **** 	if(num_commands >= MAX_SS_CMDS)
 305              		.loc 1 314 1 is_stmt 0 view .LVU85
 306 0000 70B5     		push	{r4, r5, r6, lr}
 307              	.LCFI1:
 308              		.cfi_def_cfa_offset 16
 309              		.cfi_offset 4, -16
 310              		.cfi_offset 5, -12
 311              		.cfi_offset 6, -8
 312              		.cfi_offset 14, -4
 313              		.loc 1 315 18 view .LVU86
 314 0002 094E     		ldr	r6, .L28
 315 0004 3468     		ldr	r4, [r6]
 316              		.loc 1 315 4 view .LVU87
 317 0006 0F2C     		cmp	r4, #15
 318 0008 0BDC     		bgt	.L27
 316:../base/./simpleserial/simpleserial.c **** 		return 1;
 317:../base/./simpleserial/simpleserial.c **** 
 318:../base/./simpleserial/simpleserial.c **** 	if(len >= MAX_SS_LEN)
 319              		.loc 1 318 2 is_stmt 1 view .LVU88
 320              		.loc 1 318 4 is_stmt 0 view .LVU89
 321 000a BF29     		cmp	r1, #191
 322 000c 09D8     		bhi	.L27
 319:../base/./simpleserial/simpleserial.c **** 		return 1;
 320:../base/./simpleserial/simpleserial.c **** 
 321:../base/./simpleserial/simpleserial.c **** 	commands[num_commands].c   = c;
 323              		.loc 1 321 2 is_stmt 1 view .LVU90
 324              		.loc 1 321 29 is_stmt 0 view .LVU91
 325 000e 06EB0415 		add	r5, r6, r4, lsl #4
 322:../base/./simpleserial/simpleserial.c **** 	commands[num_commands].len = len;
 323:../base/./simpleserial/simpleserial.c **** 	commands[num_commands].fp  = fp;
 326              		.loc 1 323 29 view .LVU92
 327 0012 C5E90212 		strd	r1, r2, [r5, #8]
 324:../base/./simpleserial/simpleserial.c **** 	commands[num_commands].flags = fl;
 325:../base/./simpleserial/simpleserial.c **** 	num_commands++;
 328              		.loc 1 325 14 view .LVU93
 329 0016 0134     		adds	r4, r4, #1
 321:../base/./simpleserial/simpleserial.c **** 	commands[num_commands].len = len;
 330              		.loc 1 321 29 view .LVU94
 331 0018 2871     		strb	r0, [r5, #4]
 322:../base/./simpleserial/simpleserial.c **** 	commands[num_commands].len = len;
 332              		.loc 1 322 2 is_stmt 1 view .LVU95
 324:../base/./simpleserial/simpleserial.c **** 	commands[num_commands].flags = fl;
 333              		.loc 1 324 2 view .LVU96
 324:../base/./simpleserial/simpleserial.c **** 	commands[num_commands].flags = fl;
 334              		.loc 1 324 31 is_stmt 0 view .LVU97
 335 001a 2B74     		strb	r3, [r5, #16]
 336              		.loc 1 325 2 is_stmt 1 view .LVU98
 337              		.loc 1 325 14 is_stmt 0 view .LVU99
 338 001c 3460     		str	r4, [r6]
 326:../base/./simpleserial/simpleserial.c **** 
 327:../base/./simpleserial/simpleserial.c **** 	return 0;
 339              		.loc 1 327 2 is_stmt 1 view .LVU100
 340              		.loc 1 327 9 is_stmt 0 view .LVU101
 341 001e 0020     		movs	r0, #0
 342              	.LVL33:
 343              	.L24:
 328:../base/./simpleserial/simpleserial.c **** }
 344              		.loc 1 328 1 view .LVU102
 345 0020 70BD     		pop	{r4, r5, r6, pc}
 346              	.LVL34:
 347              	.L27:
 316:../base/./simpleserial/simpleserial.c **** 
 348              		.loc 1 316 10 view .LVU103
 349 0022 0120     		movs	r0, #1
 350              	.LVL35:
 316:../base/./simpleserial/simpleserial.c **** 
 351              		.loc 1 316 10 view .LVU104
 352 0024 FCE7     		b	.L24
 353              	.L29:
 354 0026 00BF     		.align	2
 355              	.L28:
 356 0028 00000000 		.word	.LANCHOR0
 357              		.cfi_endproc
 358              	.LFE7:
 360              		.section	.text.simpleserial_addcmd,"ax",%progbits
 361              		.align	1
 362              		.global	simpleserial_addcmd
 363              		.syntax unified
 364              		.thumb
 365              		.thumb_func
 366              		.fpu softvfp
 368              	simpleserial_addcmd:
 369              	.LVL36:
 370              	.LFB6:
 309:../base/./simpleserial/simpleserial.c **** 	return simpleserial_addcmd_flags(c, len, fp, CMD_FLAG_NONE);
 371              		.loc 1 309 1 is_stmt 1 view -0
 372              		.cfi_startproc
 373              		@ args = 0, pretend = 0, frame = 0
 374              		@ frame_needed = 0, uses_anonymous_args = 0
 375              		@ link register save eliminated.
 310:../base/./simpleserial/simpleserial.c **** }
 376              		.loc 1 310 2 view .LVU106
 310:../base/./simpleserial/simpleserial.c **** }
 377              		.loc 1 310 9 is_stmt 0 view .LVU107
 378 0000 0023     		movs	r3, #0
 379 0002 FFF7FEBF 		b	simpleserial_addcmd_flags
 380              	.LVL37:
 310:../base/./simpleserial/simpleserial.c **** }
 381              		.loc 1 310 9 view .LVU108
 382              		.cfi_endproc
 383              	.LFE6:
 385              		.section	.text.simpleserial_init,"ax",%progbits
 386              		.align	1
 387              		.global	simpleserial_init
 388              		.syntax unified
 389              		.thumb
 390              		.thumb_func
 391              		.fpu softvfp
 393              	simpleserial_init:
 394              	.LFB5:
 302:../base/./simpleserial/simpleserial.c **** 	simpleserial_addcmd('v', 0, check_version);
 395              		.loc 1 302 1 is_stmt 1 view -0
 396              		.cfi_startproc
 397              		@ args = 0, pretend = 0, frame = 0
 398              		@ frame_needed = 0, uses_anonymous_args = 0
 303:../base/./simpleserial/simpleserial.c ****     simpleserial_addcmd('w', 0, ss_get_commands);
 399              		.loc 1 303 2 view .LVU110
 302:../base/./simpleserial/simpleserial.c **** 	simpleserial_addcmd('v', 0, check_version);
 400              		.loc 1 302 1 is_stmt 0 view .LVU111
 401 0000 08B5     		push	{r3, lr}
 402              	.LCFI2:
 403              		.cfi_def_cfa_offset 8
 404              		.cfi_offset 3, -8
 405              		.cfi_offset 14, -4
 303:../base/./simpleserial/simpleserial.c ****     simpleserial_addcmd('w', 0, ss_get_commands);
 406              		.loc 1 303 2 view .LVU112
 407 0002 074A     		ldr	r2, .L32
 408 0004 0021     		movs	r1, #0
 409 0006 7620     		movs	r0, #118
 410 0008 FFF7FEFF 		bl	simpleserial_addcmd
 411              	.LVL38:
 304:../base/./simpleserial/simpleserial.c ****     simpleserial_addcmd('y', 0, ss_num_commands);
 412              		.loc 1 304 5 is_stmt 1 view .LVU113
 413 000c 054A     		ldr	r2, .L32+4
 414 000e 7720     		movs	r0, #119
 415 0010 FFF7FEFF 		bl	simpleserial_addcmd
 416              	.LVL39:
 305:../base/./simpleserial/simpleserial.c **** }
 417              		.loc 1 305 5 view .LVU114
 306:../base/./simpleserial/simpleserial.c **** 
 418              		.loc 1 306 1 is_stmt 0 view .LVU115
 419 0014 BDE80840 		pop	{r3, lr}
 420              	.LCFI3:
 421              		.cfi_restore 14
 422              		.cfi_restore 3
 423              		.cfi_def_cfa_offset 0
 305:../base/./simpleserial/simpleserial.c **** }
 424              		.loc 1 305 5 view .LVU116
 425 0018 034A     		ldr	r2, .L32+8
 426 001a 7920     		movs	r0, #121
 427 001c FFF7FEBF 		b	simpleserial_addcmd
 428              	.LVL40:
 429              	.L33:
 430              		.align	2
 431              	.L32:
 432 0020 00000000 		.word	check_version
 433 0024 00000000 		.word	ss_get_commands
 434 0028 00000000 		.word	ss_num_commands
 435              		.cfi_endproc
 436              	.LFE5:
 438              		.section	.text.simpleserial_put,"ax",%progbits
 439              		.align	1
 440              		.global	simpleserial_put
 441              		.syntax unified
 442              		.thumb
 443              		.thumb_func
 444              		.fpu softvfp
 446              	simpleserial_put:
 447              	.LVL41:
 448              	.LFB9:
 329:../base/./simpleserial/simpleserial.c **** 
 330:../base/./simpleserial/simpleserial.c **** void simpleserial_get(void)
 331:../base/./simpleserial/simpleserial.c **** {
 332:../base/./simpleserial/simpleserial.c **** 	char ascii_buf[2*MAX_SS_LEN];
 333:../base/./simpleserial/simpleserial.c **** 	uint8_t data_buf[MAX_SS_LEN];
 334:../base/./simpleserial/simpleserial.c **** 	char c;
 335:../base/./simpleserial/simpleserial.c **** 
 336:../base/./simpleserial/simpleserial.c **** 	// Find which command we're receiving
 337:../base/./simpleserial/simpleserial.c **** 	c = getch();
 338:../base/./simpleserial/simpleserial.c **** 
 339:../base/./simpleserial/simpleserial.c **** 	int cmd;
 340:../base/./simpleserial/simpleserial.c **** 	for(cmd = 0; cmd < num_commands; cmd++)
 341:../base/./simpleserial/simpleserial.c **** 	{
 342:../base/./simpleserial/simpleserial.c **** 		if(commands[cmd].c == c)
 343:../base/./simpleserial/simpleserial.c **** 			break;
 344:../base/./simpleserial/simpleserial.c **** 	}
 345:../base/./simpleserial/simpleserial.c **** 
 346:../base/./simpleserial/simpleserial.c **** 	// If we didn't find a match, give up right away
 347:../base/./simpleserial/simpleserial.c **** 	if(cmd == num_commands)
 348:../base/./simpleserial/simpleserial.c **** 		return;
 349:../base/./simpleserial/simpleserial.c **** 
 350:../base/./simpleserial/simpleserial.c **** 	// If flag CMD_FLAG_LEN is set, the next byte indicates the sent length
 351:../base/./simpleserial/simpleserial.c **** 	if ((commands[cmd].flags & CMD_FLAG_LEN) != 0)
 352:../base/./simpleserial/simpleserial.c **** 	{
 353:../base/./simpleserial/simpleserial.c **** 		uint8_t l = 0;
 354:../base/./simpleserial/simpleserial.c **** 		char buff[2];
 355:../base/./simpleserial/simpleserial.c **** 		buff[0] = getch();
 356:../base/./simpleserial/simpleserial.c **** 		buff[1] = getch();
 357:../base/./simpleserial/simpleserial.c **** 		if (hex_decode(1, buff, &l))
 358:../base/./simpleserial/simpleserial.c **** 			return;
 359:../base/./simpleserial/simpleserial.c **** 		commands[cmd].len = l;
 360:../base/./simpleserial/simpleserial.c **** 	}
 361:../base/./simpleserial/simpleserial.c **** 
 362:../base/./simpleserial/simpleserial.c **** 	// Receive characters until we fill the ASCII buffer
 363:../base/./simpleserial/simpleserial.c **** 	for(int i = 0; i < 2*commands[cmd].len; i++)
 364:../base/./simpleserial/simpleserial.c **** 	{
 365:../base/./simpleserial/simpleserial.c **** 		c = getch();
 366:../base/./simpleserial/simpleserial.c **** 
 367:../base/./simpleserial/simpleserial.c **** 		// Check for early \n
 368:../base/./simpleserial/simpleserial.c **** 		if(c == '\n' || c == '\r')
 369:../base/./simpleserial/simpleserial.c **** 			return;
 370:../base/./simpleserial/simpleserial.c **** 
 371:../base/./simpleserial/simpleserial.c **** 		ascii_buf[i] = c;
 372:../base/./simpleserial/simpleserial.c **** 	}
 373:../base/./simpleserial/simpleserial.c **** 
 374:../base/./simpleserial/simpleserial.c **** 	// Assert that last character is \n or \r
 375:../base/./simpleserial/simpleserial.c **** 	c = getch();
 376:../base/./simpleserial/simpleserial.c **** 	if(c != '\n' && c != '\r')
 377:../base/./simpleserial/simpleserial.c **** 		return;
 378:../base/./simpleserial/simpleserial.c **** 
 379:../base/./simpleserial/simpleserial.c **** 	// ASCII buffer is full: convert to bytes
 380:../base/./simpleserial/simpleserial.c **** 	// Check for illegal characters here
 381:../base/./simpleserial/simpleserial.c **** 	if(hex_decode(commands[cmd].len, ascii_buf, data_buf))
 382:../base/./simpleserial/simpleserial.c **** 		return;
 383:../base/./simpleserial/simpleserial.c **** 
 384:../base/./simpleserial/simpleserial.c **** 	// Callback
 385:../base/./simpleserial/simpleserial.c **** 	uint8_t ret[1];
 386:../base/./simpleserial/simpleserial.c **** 	ret[0] = commands[cmd].fp(data_buf, commands[cmd].len);
 387:../base/./simpleserial/simpleserial.c **** 
 388:../base/./simpleserial/simpleserial.c **** 	// Acknowledge (if version is 1.1)
 389:../base/./simpleserial/simpleserial.c **** #if SS_VER == SS_VER_1_1
 390:../base/./simpleserial/simpleserial.c **** 	simpleserial_put('z', 1, ret);
 391:../base/./simpleserial/simpleserial.c **** #endif
 392:../base/./simpleserial/simpleserial.c **** }
 393:../base/./simpleserial/simpleserial.c **** 
 394:../base/./simpleserial/simpleserial.c **** void simpleserial_put(char c, uint8_t size, uint8_t* output)
 395:../base/./simpleserial/simpleserial.c **** {
 449              		.loc 1 395 1 is_stmt 1 view -0
 450              		.cfi_startproc
 451              		@ args = 0, pretend = 0, frame = 0
 452              		@ frame_needed = 0, uses_anonymous_args = 0
 396:../base/./simpleserial/simpleserial.c **** 	// Write first character
 397:../base/./simpleserial/simpleserial.c **** 	putch(c);
 453              		.loc 1 397 2 view .LVU118
 395:../base/./simpleserial/simpleserial.c **** 	// Write first character
 454              		.loc 1 395 1 is_stmt 0 view .LVU119
 455 0000 F8B5     		push	{r3, r4, r5, r6, r7, lr}
 456              	.LCFI4:
 457              		.cfi_def_cfa_offset 24
 458              		.cfi_offset 3, -24
 459              		.cfi_offset 4, -20
 460              		.cfi_offset 5, -16
 461              		.cfi_offset 6, -12
 462              		.cfi_offset 7, -8
 463              		.cfi_offset 14, -4
 395:../base/./simpleserial/simpleserial.c **** 	// Write first character
 464              		.loc 1 395 1 view .LVU120
 465 0002 1446     		mov	r4, r2
 466 0004 0E46     		mov	r6, r1
 467              		.loc 1 397 2 view .LVU121
 468 0006 FFF7FEFF 		bl	putch
 469              	.LVL42:
 398:../base/./simpleserial/simpleserial.c **** 
 399:../base/./simpleserial/simpleserial.c **** 	// Write each byte as two nibbles
 400:../base/./simpleserial/simpleserial.c **** 	for(int i = 0; i < size; i++)
 470              		.loc 1 400 2 is_stmt 1 view .LVU122
 471              	.LBB10:
 472              		.loc 1 400 6 view .LVU123
 401:../base/./simpleserial/simpleserial.c **** 	{
 402:../base/./simpleserial/simpleserial.c **** 		putch(hex_lookup[output[i] >> 4 ]);
 473              		.loc 1 402 3 is_stmt 0 view .LVU124
 474 000a 0C4F     		ldr	r7, .L37
 475 000c 651E     		subs	r5, r4, #1
 400:../base/./simpleserial/simpleserial.c **** 	{
 476              		.loc 1 400 2 view .LVU125
 477 000e C4F10104 		rsb	r4, r4, #1
 478              	.LVL43:
 479              	.L35:
 400:../base/./simpleserial/simpleserial.c **** 	{
 480              		.loc 1 400 17 is_stmt 1 discriminator 1 view .LVU126
 400:../base/./simpleserial/simpleserial.c **** 	{
 481              		.loc 1 400 2 is_stmt 0 discriminator 1 view .LVU127
 482 0012 6319     		adds	r3, r4, r5
 483 0014 9E42     		cmp	r6, r3
 484 0016 04DC     		bgt	.L36
 485              	.LBE10:
 403:../base/./simpleserial/simpleserial.c **** 		putch(hex_lookup[output[i] & 0xF]);
 404:../base/./simpleserial/simpleserial.c **** 	}
 405:../base/./simpleserial/simpleserial.c **** 
 406:../base/./simpleserial/simpleserial.c **** 	// Write trailing '\n'
 407:../base/./simpleserial/simpleserial.c **** 	putch('\n');
 486              		.loc 1 407 2 is_stmt 1 view .LVU128
 408:../base/./simpleserial/simpleserial.c **** }
 487              		.loc 1 408 1 is_stmt 0 view .LVU129
 488 0018 BDE8F840 		pop	{r3, r4, r5, r6, r7, lr}
 489              	.LCFI5:
 490              		.cfi_remember_state
 491              		.cfi_restore 14
 492              		.cfi_restore 7
 493              		.cfi_restore 6
 494              		.cfi_restore 5
 495              		.cfi_restore 4
 496              		.cfi_restore 3
 497              		.cfi_def_cfa_offset 0
 407:../base/./simpleserial/simpleserial.c **** }
 498              		.loc 1 407 2 view .LVU130
 499 001c 0A20     		movs	r0, #10
 500 001e FFF7FEBF 		b	putch
 501              	.LVL44:
 502              	.L36:
 503              	.LCFI6:
 504              		.cfi_restore_state
 505              	.LBB11:
 402:../base/./simpleserial/simpleserial.c **** 		putch(hex_lookup[output[i] & 0xF]);
 506              		.loc 1 402 3 is_stmt 1 discriminator 3 view .LVU131
 402:../base/./simpleserial/simpleserial.c **** 		putch(hex_lookup[output[i] & 0xF]);
 507              		.loc 1 402 30 is_stmt 0 discriminator 3 view .LVU132
 508 0022 15F8013F 		ldrb	r3, [r5, #1]!	@ zero_extendqisi2
 509 0026 1B09     		lsrs	r3, r3, #4
 402:../base/./simpleserial/simpleserial.c **** 		putch(hex_lookup[output[i] & 0xF]);
 510              		.loc 1 402 3 discriminator 3 view .LVU133
 511 0028 F85C     		ldrb	r0, [r7, r3]	@ zero_extendqisi2
 512 002a FFF7FEFF 		bl	putch
 513              	.LVL45:
 403:../base/./simpleserial/simpleserial.c **** 	}
 514              		.loc 1 403 3 is_stmt 1 discriminator 3 view .LVU134
 403:../base/./simpleserial/simpleserial.c **** 	}
 515              		.loc 1 403 30 is_stmt 0 discriminator 3 view .LVU135
 516 002e 2B78     		ldrb	r3, [r5]	@ zero_extendqisi2
 517 0030 03F00F03 		and	r3, r3, #15
 403:../base/./simpleserial/simpleserial.c **** 	}
 518              		.loc 1 403 3 discriminator 3 view .LVU136
 519 0034 F85C     		ldrb	r0, [r7, r3]	@ zero_extendqisi2
 520 0036 FFF7FEFF 		bl	putch
 521              	.LVL46:
 400:../base/./simpleserial/simpleserial.c **** 	{
 522              		.loc 1 400 27 is_stmt 1 discriminator 3 view .LVU137
 523 003a EAE7     		b	.L35
 524              	.L38:
 525              		.align	2
 526              	.L37:
 527 003c 00000000 		.word	.LANCHOR1
 528              	.LBE11:
 529              		.cfi_endproc
 530              	.LFE9:
 532              		.section	.text.ss_num_commands,"ax",%progbits
 533              		.align	1
 534              		.global	ss_num_commands
 535              		.syntax unified
 536              		.thumb
 537              		.thumb_func
 538              		.fpu softvfp
 540              	ss_num_commands:
 541              	.LVL47:
 542              	.LFB2:
 237:../base/./simpleserial/simpleserial.c ****     uint8_t ncmds = num_commands & 0xFF;
 543              		.loc 1 237 1 view -0
 544              		.cfi_startproc
 545              		@ args = 0, pretend = 0, frame = 8
 546              		@ frame_needed = 0, uses_anonymous_args = 0
 238:../base/./simpleserial/simpleserial.c ****     simpleserial_put('r', 0x01, &ncmds);
 547              		.loc 1 238 5 view .LVU139
 237:../base/./simpleserial/simpleserial.c ****     uint8_t ncmds = num_commands & 0xFF;
 548              		.loc 1 237 1 is_stmt 0 view .LVU140
 549 0000 07B5     		push	{r0, r1, r2, lr}
 550              	.LCFI7:
 551              		.cfi_def_cfa_offset 16
 552              		.cfi_offset 14, -4
 238:../base/./simpleserial/simpleserial.c ****     simpleserial_put('r', 0x01, &ncmds);
 553              		.loc 1 238 13 view .LVU141
 554 0002 074B     		ldr	r3, .L40
 239:../base/./simpleserial/simpleserial.c ****     return 0x00;
 555              		.loc 1 239 5 view .LVU142
 556 0004 0DF10702 		add	r2, sp, #7
 238:../base/./simpleserial/simpleserial.c ****     simpleserial_put('r', 0x01, &ncmds);
 557              		.loc 1 238 13 view .LVU143
 558 0008 1B68     		ldr	r3, [r3]
 559 000a 8DF80730 		strb	r3, [sp, #7]
 239:../base/./simpleserial/simpleserial.c ****     return 0x00;
 560              		.loc 1 239 5 is_stmt 1 view .LVU144
 561 000e 0121     		movs	r1, #1
 562              	.LVL48:
 239:../base/./simpleserial/simpleserial.c ****     return 0x00;
 563              		.loc 1 239 5 is_stmt 0 view .LVU145
 564 0010 7220     		movs	r0, #114
 565              	.LVL49:
 239:../base/./simpleserial/simpleserial.c ****     return 0x00;
 566              		.loc 1 239 5 view .LVU146
 567 0012 FFF7FEFF 		bl	simpleserial_put
 568              	.LVL50:
 240:../base/./simpleserial/simpleserial.c **** }
 569              		.loc 1 240 5 is_stmt 1 view .LVU147
 241:../base/./simpleserial/simpleserial.c **** 
 570              		.loc 1 241 1 is_stmt 0 view .LVU148
 571 0016 0020     		movs	r0, #0
 572 0018 03B0     		add	sp, sp, #12
 573              	.LCFI8:
 574              		.cfi_def_cfa_offset 4
 575              		@ sp needed
 576 001a 5DF804FB 		ldr	pc, [sp], #4
 577              	.L41:
 578 001e 00BF     		.align	2
 579              	.L40:
 580 0020 00000000 		.word	.LANCHOR0
 581              		.cfi_endproc
 582              	.LFE2:
 584              		.section	.text.ss_get_commands,"ax",%progbits
 585              		.align	1
 586              		.global	ss_get_commands
 587              		.syntax unified
 588              		.thumb
 589              		.thumb_func
 590              		.fpu softvfp
 592              	ss_get_commands:
 593              	.LVL51:
 594              	.LFB3:
 250:../base/./simpleserial/simpleserial.c ****     ss_cmd_repr repr_cmd_buf[MAX_SS_CMDS];
 595              		.loc 1 250 1 is_stmt 1 view -0
 596              		.cfi_startproc
 597              		@ args = 0, pretend = 0, frame = 48
 598              		@ frame_needed = 0, uses_anonymous_args = 0
 251:../base/./simpleserial/simpleserial.c ****     for (uint8_t i = 0; i < (num_commands & 0xFF); i++) {
 599              		.loc 1 251 5 view .LVU150
 252:../base/./simpleserial/simpleserial.c ****         repr_cmd_buf[i].c = commands[i].c;
 600              		.loc 1 252 5 view .LVU151
 601              	.LBB12:
 252:../base/./simpleserial/simpleserial.c ****         repr_cmd_buf[i].c = commands[i].c;
 602              		.loc 1 252 10 view .LVU152
 252:../base/./simpleserial/simpleserial.c ****         repr_cmd_buf[i].c = commands[i].c;
 603              		.loc 1 252 10 is_stmt 0 view .LVU153
 604              	.LBE12:
 250:../base/./simpleserial/simpleserial.c ****     ss_cmd_repr repr_cmd_buf[MAX_SS_CMDS];
 605              		.loc 1 250 1 view .LVU154
 606 0000 70B5     		push	{r4, r5, r6, lr}
 607              	.LCFI9:
 608              		.cfi_def_cfa_offset 16
 609              		.cfi_offset 4, -16
 610              		.cfi_offset 5, -12
 611              		.cfi_offset 6, -8
 612              		.cfi_offset 14, -4
 613              	.LBB13:
 252:../base/./simpleserial/simpleserial.c ****         repr_cmd_buf[i].c = commands[i].c;
 614              		.loc 1 252 43 view .LVU155
 615 0002 124C     		ldr	r4, .L45
 616 0004 2168     		ldr	r1, [r4]
 617              	.LVL52:
 252:../base/./simpleserial/simpleserial.c ****         repr_cmd_buf[i].c = commands[i].c;
 618              		.loc 1 252 43 view .LVU156
 619              	.LBE13:
 250:../base/./simpleserial/simpleserial.c ****     ss_cmd_repr repr_cmd_buf[MAX_SS_CMDS];
 620              		.loc 1 250 1 view .LVU157
 621 0006 8CB0     		sub	sp, sp, #48
 622              	.LCFI10:
 623              		.cfi_def_cfa_offset 64
 624              	.LBB14:
 252:../base/./simpleserial/simpleserial.c ****         repr_cmd_buf[i].c = commands[i].c;
 625              		.loc 1 252 43 view .LVU158
 626 0008 CDB2     		uxtb	r5, r1
 252:../base/./simpleserial/simpleserial.c ****         repr_cmd_buf[i].c = commands[i].c;
 627              		.loc 1 252 5 view .LVU159
 628 000a 0020     		movs	r0, #0
 629              	.LVL53:
 630              	.L43:
 252:../base/./simpleserial/simpleserial.c ****         repr_cmd_buf[i].c = commands[i].c;
 631              		.loc 1 252 25 is_stmt 1 discriminator 1 view .LVU160
 252:../base/./simpleserial/simpleserial.c ****         repr_cmd_buf[i].c = commands[i].c;
 632              		.loc 1 252 27 is_stmt 0 discriminator 1 view .LVU161
 633 000c C3B2     		uxtb	r3, r0
 252:../base/./simpleserial/simpleserial.c ****         repr_cmd_buf[i].c = commands[i].c;
 634              		.loc 1 252 5 discriminator 1 view .LVU162
 635 000e AB42     		cmp	r3, r5
 636 0010 00F10100 		add	r0, r0, #1
 637              	.LVL54:
 252:../base/./simpleserial/simpleserial.c ****         repr_cmd_buf[i].c = commands[i].c;
 638              		.loc 1 252 5 discriminator 1 view .LVU163
 639 0014 09DB     		blt	.L44
 640              	.LBE14:
 258:../base/./simpleserial/simpleserial.c ****     return 0x00;
 641              		.loc 1 258 5 is_stmt 1 view .LVU164
 642 0016 01EB4101 		add	r1, r1, r1, lsl #1
 643 001a 6A46     		mov	r2, sp
 644 001c C9B2     		uxtb	r1, r1
 645 001e 7220     		movs	r0, #114
 646 0020 FFF7FEFF 		bl	simpleserial_put
 647              	.LVL55:
 259:../base/./simpleserial/simpleserial.c **** }
 648              		.loc 1 259 5 view .LVU165
 260:../base/./simpleserial/simpleserial.c **** 
 649              		.loc 1 260 1 is_stmt 0 view .LVU166
 650 0024 0020     		movs	r0, #0
 651 0026 0CB0     		add	sp, sp, #48
 652              	.LCFI11:
 653              		.cfi_remember_state
 654              		.cfi_def_cfa_offset 16
 655              		@ sp needed
 656 0028 70BD     		pop	{r4, r5, r6, pc}
 657              	.LVL56:
 658              	.L44:
 659              	.LCFI12:
 660              		.cfi_restore_state
 661              	.LBB15:
 253:../base/./simpleserial/simpleserial.c ****         repr_cmd_buf[i].len = commands[i].len;
 662              		.loc 1 253 9 is_stmt 1 discriminator 3 view .LVU167
 253:../base/./simpleserial/simpleserial.c ****         repr_cmd_buf[i].len = commands[i].len;
 663              		.loc 1 253 27 is_stmt 0 discriminator 3 view .LVU168
 664 002a 03EB4302 		add	r2, r3, r3, lsl #1
 665 002e 0CAE     		add	r6, sp, #48
 253:../base/./simpleserial/simpleserial.c ****         repr_cmd_buf[i].len = commands[i].len;
 666              		.loc 1 253 40 discriminator 3 view .LVU169
 667 0030 04EB0313 		add	r3, r4, r3, lsl #4
 668              	.LVL57:
 253:../base/./simpleserial/simpleserial.c ****         repr_cmd_buf[i].len = commands[i].len;
 669              		.loc 1 253 27 discriminator 3 view .LVU170
 670 0034 3244     		add	r2, r2, r6
 671 0036 1E79     		ldrb	r6, [r3, #4]	@ zero_extendqisi2
 672 0038 02F8306C 		strb	r6, [r2, #-48]
 254:../base/./simpleserial/simpleserial.c ****         repr_cmd_buf[i].flags = commands[i].flags;
 673              		.loc 1 254 9 is_stmt 1 discriminator 3 view .LVU171
 254:../base/./simpleserial/simpleserial.c ****         repr_cmd_buf[i].flags = commands[i].flags;
 674              		.loc 1 254 29 is_stmt 0 discriminator 3 view .LVU172
 675 003c 9E68     		ldr	r6, [r3, #8]
 255:../base/./simpleserial/simpleserial.c ****     }
 676              		.loc 1 255 31 discriminator 3 view .LVU173
 677 003e 1B7C     		ldrb	r3, [r3, #16]	@ zero_extendqisi2
 254:../base/./simpleserial/simpleserial.c ****         repr_cmd_buf[i].flags = commands[i].flags;
 678              		.loc 1 254 29 discriminator 3 view .LVU174
 679 0040 02F82F6C 		strb	r6, [r2, #-47]
 255:../base/./simpleserial/simpleserial.c ****     }
 680              		.loc 1 255 9 is_stmt 1 discriminator 3 view .LVU175
 255:../base/./simpleserial/simpleserial.c ****     }
 681              		.loc 1 255 31 is_stmt 0 discriminator 3 view .LVU176
 682 0044 02F82E3C 		strb	r3, [r2, #-46]
 252:../base/./simpleserial/simpleserial.c ****         repr_cmd_buf[i].c = commands[i].c;
 683              		.loc 1 252 52 is_stmt 1 discriminator 3 view .LVU177
 684              	.LVL58:
 252:../base/./simpleserial/simpleserial.c ****         repr_cmd_buf[i].c = commands[i].c;
 685              		.loc 1 252 52 is_stmt 0 discriminator 3 view .LVU178
 686 0048 E0E7     		b	.L43
 687              	.L46:
 688 004a 00BF     		.align	2
 689              	.L45:
 690 004c 00000000 		.word	.LANCHOR0
 691              	.LBE15:
 692              		.cfi_endproc
 693              	.LFE3:
 695              		.section	.text.simpleserial_get,"ax",%progbits
 696              		.align	1
 697              		.global	simpleserial_get
 698              		.syntax unified
 699              		.thumb
 700              		.thumb_func
 701              		.fpu softvfp
 703              	simpleserial_get:
 704              	.LFB8:
 331:../base/./simpleserial/simpleserial.c **** 	char ascii_buf[2*MAX_SS_LEN];
 705              		.loc 1 331 1 is_stmt 1 view -0
 706              		.cfi_startproc
 707              		@ args = 0, pretend = 0, frame = 584
 708              		@ frame_needed = 0, uses_anonymous_args = 0
 332:../base/./simpleserial/simpleserial.c **** 	uint8_t data_buf[MAX_SS_LEN];
 709              		.loc 1 332 2 view .LVU180
 333:../base/./simpleserial/simpleserial.c **** 	char c;
 710              		.loc 1 333 2 view .LVU181
 334:../base/./simpleserial/simpleserial.c **** 
 711              		.loc 1 334 2 view .LVU182
 337:../base/./simpleserial/simpleserial.c **** 
 712              		.loc 1 337 2 view .LVU183
 331:../base/./simpleserial/simpleserial.c **** 	char ascii_buf[2*MAX_SS_LEN];
 713              		.loc 1 331 1 is_stmt 0 view .LVU184
 714 0000 2DE9F041 		push	{r4, r5, r6, r7, r8, lr}
 715              	.LCFI13:
 716              		.cfi_def_cfa_offset 24
 717              		.cfi_offset 4, -24
 718              		.cfi_offset 5, -20
 719              		.cfi_offset 6, -16
 720              		.cfi_offset 7, -12
 721              		.cfi_offset 8, -8
 722              		.cfi_offset 14, -4
 340:../base/./simpleserial/simpleserial.c **** 	{
 723              		.loc 1 340 19 view .LVU185
 724 0004 2F4D     		ldr	r5, .L70
 331:../base/./simpleserial/simpleserial.c **** 	char ascii_buf[2*MAX_SS_LEN];
 725              		.loc 1 331 1 view .LVU186
 726 0006 ADF5127D 		sub	sp, sp, #584
 727              	.LCFI14:
 728              		.cfi_def_cfa_offset 608
 337:../base/./simpleserial/simpleserial.c **** 
 729              		.loc 1 337 6 view .LVU187
 730 000a FFF7FEFF 		bl	getch
 731              	.LVL59:
 339:../base/./simpleserial/simpleserial.c **** 	for(cmd = 0; cmd < num_commands; cmd++)
 732              		.loc 1 339 2 is_stmt 1 view .LVU188
 340:../base/./simpleserial/simpleserial.c **** 	{
 733              		.loc 1 340 2 view .LVU189
 340:../base/./simpleserial/simpleserial.c **** 	{
 734              		.loc 1 340 19 is_stmt 0 view .LVU190
 735 000e 2A46     		mov	r2, r5
 340:../base/./simpleserial/simpleserial.c **** 	{
 736              		.loc 1 340 10 view .LVU191
 737 0010 0023     		movs	r3, #0
 340:../base/./simpleserial/simpleserial.c **** 	{
 738              		.loc 1 340 19 view .LVU192
 739 0012 52F8041B 		ldr	r1, [r2], #4
 740              	.LVL60:
 741              	.L48:
 340:../base/./simpleserial/simpleserial.c **** 	{
 742              		.loc 1 340 15 is_stmt 1 discriminator 1 view .LVU193
 340:../base/./simpleserial/simpleserial.c **** 	{
 743              		.loc 1 340 2 is_stmt 0 discriminator 1 view .LVU194
 744 0016 9942     		cmp	r1, r3
 745 0018 04DC     		bgt	.L52
 347:../base/./simpleserial/simpleserial.c **** 		return;
 746              		.loc 1 347 2 is_stmt 1 view .LVU195
 347:../base/./simpleserial/simpleserial.c **** 		return;
 747              		.loc 1 347 4 is_stmt 0 view .LVU196
 748 001a 07D1     		bne	.L54
 749              	.LVL61:
 750              	.L47:
 392:../base/./simpleserial/simpleserial.c **** 
 751              		.loc 1 392 1 view .LVU197
 752 001c 0DF5127D 		add	sp, sp, #584
 753              	.LCFI15:
 754              		.cfi_remember_state
 755              		.cfi_def_cfa_offset 24
 756              		@ sp needed
 757 0020 BDE8F081 		pop	{r4, r5, r6, r7, r8, pc}
 758              	.LVL62:
 759              	.L52:
 760              	.LCFI16:
 761              		.cfi_restore_state
 342:../base/./simpleserial/simpleserial.c **** 			break;
 762              		.loc 1 342 3 is_stmt 1 view .LVU198
 342:../base/./simpleserial/simpleserial.c **** 			break;
 763              		.loc 1 342 19 is_stmt 0 view .LVU199
 764 0024 1C01     		lsls	r4, r3, #4
 342:../base/./simpleserial/simpleserial.c **** 			break;
 765              		.loc 1 342 5 view .LVU200
 766 0026 A45C     		ldrb	r4, [r4, r2]	@ zero_extendqisi2
 767 0028 8442     		cmp	r4, r0
 768 002a 3ED1     		bne	.L49
 769              	.L54:
 351:../base/./simpleserial/simpleserial.c **** 	{
 770              		.loc 1 351 2 is_stmt 1 view .LVU201
 351:../base/./simpleserial/simpleserial.c **** 	{
 771              		.loc 1 351 20 is_stmt 0 view .LVU202
 772 002c 05EB0314 		add	r4, r5, r3, lsl #4
 773 0030 1E01     		lsls	r6, r3, #4
 351:../base/./simpleserial/simpleserial.c **** 	{
 774              		.loc 1 351 5 view .LVU203
 775 0032 237C     		ldrb	r3, [r4, #16]	@ zero_extendqisi2
 776              	.LVL63:
 351:../base/./simpleserial/simpleserial.c **** 	{
 777              		.loc 1 351 5 view .LVU204
 778 0034 DB07     		lsls	r3, r3, #31
 779 0036 14D5     		bpl	.L51
 780              	.LBB16:
 353:../base/./simpleserial/simpleserial.c **** 		char buff[2];
 781              		.loc 1 353 3 is_stmt 1 view .LVU205
 353:../base/./simpleserial/simpleserial.c **** 		char buff[2];
 782              		.loc 1 353 11 is_stmt 0 view .LVU206
 783 0038 0023     		movs	r3, #0
 784 003a 8DF80830 		strb	r3, [sp, #8]
 354:../base/./simpleserial/simpleserial.c **** 		buff[0] = getch();
 785              		.loc 1 354 3 is_stmt 1 view .LVU207
 355:../base/./simpleserial/simpleserial.c **** 		buff[1] = getch();
 786              		.loc 1 355 3 view .LVU208
 355:../base/./simpleserial/simpleserial.c **** 		buff[1] = getch();
 787              		.loc 1 355 13 is_stmt 0 view .LVU209
 788 003e FFF7FEFF 		bl	getch
 789              	.LVL64:
 355:../base/./simpleserial/simpleserial.c **** 		buff[1] = getch();
 790              		.loc 1 355 11 view .LVU210
 791 0042 8DF8C800 		strb	r0, [sp, #200]
 356:../base/./simpleserial/simpleserial.c **** 		if (hex_decode(1, buff, &l))
 792              		.loc 1 356 3 is_stmt 1 view .LVU211
 356:../base/./simpleserial/simpleserial.c **** 		if (hex_decode(1, buff, &l))
 793              		.loc 1 356 13 is_stmt 0 view .LVU212
 794 0046 FFF7FEFF 		bl	getch
 795              	.LVL65:
 357:../base/./simpleserial/simpleserial.c **** 			return;
 796              		.loc 1 357 7 view .LVU213
 797 004a 02AA     		add	r2, sp, #8
 356:../base/./simpleserial/simpleserial.c **** 		if (hex_decode(1, buff, &l))
 798              		.loc 1 356 11 view .LVU214
 799 004c 8DF8C900 		strb	r0, [sp, #201]
 357:../base/./simpleserial/simpleserial.c **** 			return;
 800              		.loc 1 357 3 is_stmt 1 view .LVU215
 357:../base/./simpleserial/simpleserial.c **** 			return;
 801              		.loc 1 357 7 is_stmt 0 view .LVU216
 802 0050 32A9     		add	r1, sp, #200
 803 0052 0120     		movs	r0, #1
 804 0054 FFF7FEFF 		bl	hex_decode
 805              	.LVL66:
 357:../base/./simpleserial/simpleserial.c **** 			return;
 806              		.loc 1 357 6 view .LVU217
 807 0058 0028     		cmp	r0, #0
 808 005a DFD1     		bne	.L47
 359:../base/./simpleserial/simpleserial.c **** 	}
 809              		.loc 1 359 3 is_stmt 1 view .LVU218
 359:../base/./simpleserial/simpleserial.c **** 	}
 810              		.loc 1 359 21 is_stmt 0 view .LVU219
 811 005c 9DF80830 		ldrb	r3, [sp, #8]	@ zero_extendqisi2
 812 0060 A360     		str	r3, [r4, #8]
 813              	.L51:
 814 0062 32AF     		add	r7, sp, #200
 815              	.LBE16:
 340:../base/./simpleserial/simpleserial.c **** 	{
 816              		.loc 1 340 10 discriminator 1 view .LVU220
 817 0064 0024     		movs	r4, #0
 818              	.LBB17:
 363:../base/./simpleserial/simpleserial.c **** 	{
 819              		.loc 1 363 36 discriminator 1 view .LVU221
 820 0066 05EB0608 		add	r8, r5, r6
 821              	.L57:
 822              	.LVL67:
 363:../base/./simpleserial/simpleserial.c **** 	{
 823              		.loc 1 363 17 is_stmt 1 discriminator 1 view .LVU222
 363:../base/./simpleserial/simpleserial.c **** 	{
 824              		.loc 1 363 22 is_stmt 0 discriminator 1 view .LVU223
 825 006a D8F80830 		ldr	r3, [r8, #8]
 363:../base/./simpleserial/simpleserial.c **** 	{
 826              		.loc 1 363 2 discriminator 1 view .LVU224
 827 006e B4EB430F 		cmp	r4, r3, lsl #1
 828 0072 1CD3     		bcc	.L58
 829              	.LBE17:
 375:../base/./simpleserial/simpleserial.c **** 	if(c != '\n' && c != '\r')
 830              		.loc 1 375 2 is_stmt 1 view .LVU225
 375:../base/./simpleserial/simpleserial.c **** 	if(c != '\n' && c != '\r')
 831              		.loc 1 375 6 is_stmt 0 view .LVU226
 832 0074 FFF7FEFF 		bl	getch
 833              	.LVL68:
 376:../base/./simpleserial/simpleserial.c **** 		return;
 834              		.loc 1 376 2 is_stmt 1 view .LVU227
 376:../base/./simpleserial/simpleserial.c **** 		return;
 835              		.loc 1 376 4 is_stmt 0 view .LVU228
 836 0078 0A28     		cmp	r0, #10
 837 007a 01D0     		beq	.L59
 376:../base/./simpleserial/simpleserial.c **** 		return;
 838              		.loc 1 376 15 discriminator 1 view .LVU229
 839 007c 0D28     		cmp	r0, #13
 840 007e CDD1     		bne	.L47
 841              	.L59:
 381:../base/./simpleserial/simpleserial.c **** 		return;
 842              		.loc 1 381 2 is_stmt 1 view .LVU230
 381:../base/./simpleserial/simpleserial.c **** 		return;
 843              		.loc 1 381 29 is_stmt 0 view .LVU231
 844 0080 3544     		add	r5, r5, r6
 381:../base/./simpleserial/simpleserial.c **** 		return;
 845              		.loc 1 381 5 view .LVU232
 846 0082 02AA     		add	r2, sp, #8
 381:../base/./simpleserial/simpleserial.c **** 		return;
 847              		.loc 1 381 29 view .LVU233
 848 0084 AC68     		ldr	r4, [r5, #8]
 849              	.LVL69:
 381:../base/./simpleserial/simpleserial.c **** 		return;
 850              		.loc 1 381 5 view .LVU234
 851 0086 32A9     		add	r1, sp, #200
 852 0088 2046     		mov	r0, r4
 853              	.LVL70:
 381:../base/./simpleserial/simpleserial.c **** 		return;
 854              		.loc 1 381 5 view .LVU235
 855 008a FFF7FEFF 		bl	hex_decode
 856              	.LVL71:
 381:../base/./simpleserial/simpleserial.c **** 		return;
 857              		.loc 1 381 4 view .LVU236
 858 008e 0028     		cmp	r0, #0
 859 0090 C4D1     		bne	.L47
 385:../base/./simpleserial/simpleserial.c **** 	ret[0] = commands[cmd].fp(data_buf, commands[cmd].len);
 860              		.loc 1 385 2 is_stmt 1 view .LVU237
 386:../base/./simpleserial/simpleserial.c **** 
 861              		.loc 1 386 2 view .LVU238
 386:../base/./simpleserial/simpleserial.c **** 
 862              		.loc 1 386 11 is_stmt 0 view .LVU239
 863 0092 E1B2     		uxtb	r1, r4
 864 0094 EB68     		ldr	r3, [r5, #12]
 865 0096 02A8     		add	r0, sp, #8
 866 0098 9847     		blx	r3
 867              	.LVL72:
 390:../base/./simpleserial/simpleserial.c **** #endif
 868              		.loc 1 390 2 view .LVU240
 869 009a 01AA     		add	r2, sp, #4
 386:../base/./simpleserial/simpleserial.c **** 
 870              		.loc 1 386 9 view .LVU241
 871 009c 8DF80400 		strb	r0, [sp, #4]
 390:../base/./simpleserial/simpleserial.c **** #endif
 872              		.loc 1 390 2 is_stmt 1 view .LVU242
 873 00a0 0121     		movs	r1, #1
 874 00a2 7A20     		movs	r0, #122
 875 00a4 FFF7FEFF 		bl	simpleserial_put
 876              	.LVL73:
 877 00a8 B8E7     		b	.L47
 878              	.LVL74:
 879              	.L49:
 340:../base/./simpleserial/simpleserial.c **** 	{
 880              		.loc 1 340 35 discriminator 2 view .LVU243
 340:../base/./simpleserial/simpleserial.c **** 	{
 881              		.loc 1 340 38 is_stmt 0 discriminator 2 view .LVU244
 882 00aa 0133     		adds	r3, r3, #1
 883              	.LVL75:
 340:../base/./simpleserial/simpleserial.c **** 	{
 884              		.loc 1 340 38 discriminator 2 view .LVU245
 885 00ac B3E7     		b	.L48
 886              	.LVL76:
 887              	.L58:
 888              	.LBB18:
 365:../base/./simpleserial/simpleserial.c **** 
 889              		.loc 1 365 3 is_stmt 1 view .LVU246
 365:../base/./simpleserial/simpleserial.c **** 
 890              		.loc 1 365 7 is_stmt 0 view .LVU247
 891 00ae FFF7FEFF 		bl	getch
 892              	.LVL77:
 368:../base/./simpleserial/simpleserial.c **** 			return;
 893              		.loc 1 368 3 is_stmt 1 view .LVU248
 368:../base/./simpleserial/simpleserial.c **** 			return;
 894              		.loc 1 368 5 is_stmt 0 view .LVU249
 895 00b2 0A28     		cmp	r0, #10
 896 00b4 B2D0     		beq	.L47
 368:../base/./simpleserial/simpleserial.c **** 			return;
 897              		.loc 1 368 16 discriminator 1 view .LVU250
 898 00b6 0D28     		cmp	r0, #13
 899 00b8 B0D0     		beq	.L47
 371:../base/./simpleserial/simpleserial.c **** 	}
 900              		.loc 1 371 3 is_stmt 1 discriminator 2 view .LVU251
 371:../base/./simpleserial/simpleserial.c **** 	}
 901              		.loc 1 371 16 is_stmt 0 discriminator 2 view .LVU252
 902 00ba 07F8010B 		strb	r0, [r7], #1
 363:../base/./simpleserial/simpleserial.c **** 	{
 903              		.loc 1 363 42 is_stmt 1 discriminator 2 view .LVU253
 363:../base/./simpleserial/simpleserial.c **** 	{
 904              		.loc 1 363 43 is_stmt 0 discriminator 2 view .LVU254
 905 00be 0134     		adds	r4, r4, #1
 906              	.LVL78:
 363:../base/./simpleserial/simpleserial.c **** 	{
 907              		.loc 1 363 43 discriminator 2 view .LVU255
 908 00c0 D3E7     		b	.L57
 909              	.L71:
 910 00c2 00BF     		.align	2
 911              	.L70:
 912 00c4 00000000 		.word	.LANCHOR0
 913              	.LBE18:
 914              		.cfi_endproc
 915              	.LFE8:
 917              		.section	.rodata
 918              		.set	.LANCHOR1,. + 0
 921              	hex_lookup:
 922 0000 30313233 		.ascii	"0123456789ABCDEF"
 922      34353637 
 922      38394142 
 922      43444546 
 923              		.bss
 924              		.align	2
 925              		.set	.LANCHOR0,. + 0
 928              	num_commands:
 929 0000 00000000 		.space	4
 932              	commands:
 933 0004 00000000 		.space	256
 933      00000000 
 933      00000000 
 933      00000000 
 933      00000000 
 934              		.text
 935              	.Letext0:
 936              		.file 2 "c:\\users\\lee\\chipwhisperer5_64\\cw\\home\\portable\\armgcc\\gcc-arm-none-eabi-10-2020-
 937              		.file 3 "c:\\users\\lee\\chipwhisperer5_64\\cw\\home\\portable\\armgcc\\gcc-arm-none-eabi-10-2020-
 938              		.file 4 "../base/./hal/stm32f3/stm32f3_hal.h"
DEFINED SYMBOLS
                            *ABS*:00000000 simpleserial.c
C:\Users\Lee\AppData\Local\Temp\cc203AVg.s:16     .text.check_version:00000000 $t
C:\Users\Lee\AppData\Local\Temp\cc203AVg.s:24     .text.check_version:00000000 check_version
C:\Users\Lee\AppData\Local\Temp\cc203AVg.s:43     .text.ss_crc:00000000 $t
C:\Users\Lee\AppData\Local\Temp\cc203AVg.s:50     .text.ss_crc:00000000 ss_crc
C:\Users\Lee\AppData\Local\Temp\cc203AVg.s:115    .text.hex_decode:00000000 $t
C:\Users\Lee\AppData\Local\Temp\cc203AVg.s:122    .text.hex_decode:00000000 hex_decode
C:\Users\Lee\AppData\Local\Temp\cc203AVg.s:290    .text.simpleserial_addcmd_flags:00000000 $t
C:\Users\Lee\AppData\Local\Temp\cc203AVg.s:297    .text.simpleserial_addcmd_flags:00000000 simpleserial_addcmd_flags
C:\Users\Lee\AppData\Local\Temp\cc203AVg.s:356    .text.simpleserial_addcmd_flags:00000028 $d
C:\Users\Lee\AppData\Local\Temp\cc203AVg.s:361    .text.simpleserial_addcmd:00000000 $t
C:\Users\Lee\AppData\Local\Temp\cc203AVg.s:368    .text.simpleserial_addcmd:00000000 simpleserial_addcmd
C:\Users\Lee\AppData\Local\Temp\cc203AVg.s:386    .text.simpleserial_init:00000000 $t
C:\Users\Lee\AppData\Local\Temp\cc203AVg.s:393    .text.simpleserial_init:00000000 simpleserial_init
C:\Users\Lee\AppData\Local\Temp\cc203AVg.s:432    .text.simpleserial_init:00000020 $d
C:\Users\Lee\AppData\Local\Temp\cc203AVg.s:592    .text.ss_get_commands:00000000 ss_get_commands
C:\Users\Lee\AppData\Local\Temp\cc203AVg.s:540    .text.ss_num_commands:00000000 ss_num_commands
C:\Users\Lee\AppData\Local\Temp\cc203AVg.s:439    .text.simpleserial_put:00000000 $t
C:\Users\Lee\AppData\Local\Temp\cc203AVg.s:446    .text.simpleserial_put:00000000 simpleserial_put
C:\Users\Lee\AppData\Local\Temp\cc203AVg.s:527    .text.simpleserial_put:0000003c $d
C:\Users\Lee\AppData\Local\Temp\cc203AVg.s:533    .text.ss_num_commands:00000000 $t
C:\Users\Lee\AppData\Local\Temp\cc203AVg.s:580    .text.ss_num_commands:00000020 $d
C:\Users\Lee\AppData\Local\Temp\cc203AVg.s:585    .text.ss_get_commands:00000000 $t
C:\Users\Lee\AppData\Local\Temp\cc203AVg.s:690    .text.ss_get_commands:0000004c $d
C:\Users\Lee\AppData\Local\Temp\cc203AVg.s:696    .text.simpleserial_get:00000000 $t
C:\Users\Lee\AppData\Local\Temp\cc203AVg.s:703    .text.simpleserial_get:00000000 simpleserial_get
C:\Users\Lee\AppData\Local\Temp\cc203AVg.s:912    .text.simpleserial_get:000000c4 $d
C:\Users\Lee\AppData\Local\Temp\cc203AVg.s:921    .rodata:00000000 hex_lookup
C:\Users\Lee\AppData\Local\Temp\cc203AVg.s:924    .bss:00000000 $d
C:\Users\Lee\AppData\Local\Temp\cc203AVg.s:928    .bss:00000000 num_commands
C:\Users\Lee\AppData\Local\Temp\cc203AVg.s:932    .bss:00000004 commands

UNDEFINED SYMBOLS
putch
getch
